
> bolt-expo-starter@1.0.0 build:web
> npm run clean:web && cross-env EXPO_NO_TELEMETRY=1 npx expo export -p web --output-dir build && shx cp _redirects build/_redirects && shx echo "_redirects file copied successfully" && shx cat build/_redirects


> bolt-expo-starter@1.0.0 clean:web
> shx rm -rf build

env: load .env
env: export EXPO_PUBLIC_SUPABASE_ANON_KEY EXPO_PUBLIC_SUPABASE_URL
Starting Metro Bundler
Web node_modules/expo-router/entry.js ░░░░░░░░░░░░░░░░  0.0% (0/1)
Web node_modules/expo-router/entry.js ▓▓▓▓▓▓░░░░░░░░░░ 38.3% (289/531)
Web node_modules/expo-router/entry.js ▓▓▓▓▓▓▓▓░░░░░░░░ 53.1% (599/822)
| [baseline-browser-mapping] The data in this module is over two months old.  To ensure accurate Baseline data, please update: `npm i baseline-browser-mapping@latest -D`
| [baseline-browser-mapping] The data in this module is over two months old.  To ensure accurate Baseline data, please update: `npm i baseline-browser-mapping@latest -D`
Web node_modules/expo-router/entry.js ▓▓▓▓▓▓▓▓░░░░░░░░ 53.1% ( 651/2534)
Web node_modules/expo-router/entry.js ▓▓▓▓▓▓▓▓▓▓▓▓░░░░ 80.9% (2286/2541)
| [baseline-browser-mapping] The data in this module is over two months old.  To ensure accurate Baseline data, please update: `npm i baseline-browser-mapping@latest -D`
Web node_modules/expo-router/entry.js ▓▓▓▓▓▓▓▓▓▓▓▓▓░░░ 81.3% (2292/2543)
Web node_modules/expo-router/entry.js ▓▓▓▓▓▓▓▓▓▓▓▓▓░░░ 81.4% (2301/2554)
Web node_modules/expo-router/entry.js ▓▓▓▓▓▓▓▓▓▓▓▓▓░░░ 82.0% (2314/2556)
Web node_modules/expo-router/entry.js ▓▓▓▓▓▓▓▓▓▓▓▓▓░░░ 82.2% (2327/2567)
Web node_modules/expo-router/entry.js ▓▓▓▓▓▓▓▓▓▓▓▓▓░░░ 82.5% (2335/2570)
Web node_modules/expo-router/entry.js ▓▓▓▓▓▓▓▓▓▓▓▓▓░░░ 83.1% (2348/2576)
Web node_modules/expo-router/entry.js ▓▓▓▓▓▓▓▓▓▓▓▓▓░░░ 84.3% (2366/2577)
Web node_modules/expo-router/entry.js ▓▓▓▓▓▓▓▓▓▓▓▓▓░░░ 85.0% (2380/2581)
Web node_modules/expo-router/entry.js ▓▓▓▓▓▓▓▓▓▓▓▓▓░░░ 85.4% (2389/2585)
Web node_modules/expo-router/entry.js ▓▓▓▓▓▓▓▓▓▓▓▓▓░░░ 85.4% (2391/2594)
Web node_modules/expo-router/entry.js ▓▓▓▓▓▓▓▓▓▓▓▓▓░░░ 85.4% (2396/2611)
Web node_modules/expo-router/entry.js ▓▓▓▓▓▓▓▓▓▓▓▓▓░░░ 85.4% (2401/2628)
Web node_modules/expo-router/entry.js ▓▓▓▓▓▓▓▓▓▓▓▓▓░░░ 85.4% (2413/2653)
Web node_modules/expo-router/entry.js ▓▓▓▓▓▓▓▓▓▓▓▓▓░░░ 85.4% (2429/2669)
Web node_modules/expo-router/entry.js ▓▓▓▓▓▓▓▓▓▓▓▓▓░░░ 85.4% (2444/2671)
Web node_modules/expo-router/entry.js ▓▓▓▓▓▓▓▓▓▓▓▓▓░░░ 85.4% (2456/2679)
Web node_modules/expo-router/entry.js ▓▓▓▓▓▓▓▓▓▓▓▓▓░░░ 85.4% (2464/2704)
Web node_modules/expo-router/entry.js ▓▓▓▓▓▓▓▓▓▓▓▓▓░░░ 85.4% (2480/2718)
Web node_modules/expo-router/entry.js ▓▓▓▓▓▓▓▓▓▓▓▓▓░░░ 85.4% (2489/2722)
Web node_modules/expo-router/entry.js ▓▓▓▓▓▓▓▓▓▓▓▓▓░░░ 85.4% (2516/2752)
Web node_modules/expo-router/entry.js ▓▓▓▓▓▓▓▓▓▓▓▓▓░░░ 85.4% (2539/2781)
Web node_modules/expo-router/entry.js ▓▓▓▓▓▓▓▓▓▓▓▓▓░░░ 85.4% (2567/2795)
Web node_modules/expo-router/entry.js ▓▓▓▓▓▓▓▓▓▓▓▓▓░░░ 85.4% (2592/2805)
Web node_modules/expo-router/entry.js ▓▓▓▓▓▓▓▓▓▓▓▓▓░░░ 86.0% (2615/2824)
Web node_modules/expo-router/entry.js ▓▓▓▓▓▓▓▓▓▓▓▓▓░░░ 86.1% (2633/2843)
Web node_modules/expo-router/entry.js ▓▓▓▓▓▓▓▓▓▓▓▓▓░░░ 86.1% (2639/2845)
Web node_modules/expo-router/entry.js ▓▓▓▓▓▓▓▓▓▓▓▓▓░░░ 86.2% (2642/2850)
Web node_modules/expo-router/entry.js ▓▓▓▓▓▓▓▓▓▓▓▓▓░░░ 86.2% (2643/2850)
Web node_modules/expo-router/entry.js ▓▓▓▓▓▓▓▓▓▓▓▓▓░░░ 86.2% (2653/2872)
Web node_modules/expo-router/entry.js ▓▓▓▓▓▓▓▓▓▓▓▓▓░░░ 86.2% (2672/2884)
Web node_modules/expo-router/entry.js ▓▓▓▓▓▓▓▓▓▓▓▓▓░░░ 86.2% (2691/2912)
Web node_modules/expo-router/entry.js ▓▓▓▓▓▓▓▓▓▓▓▓▓░░░ 86.2% (2702/2918)
Web node_modules/expo-router/entry.js ▓▓▓▓▓▓▓▓▓▓▓▓▓░░░ 86.7% (2722/2924)
Web node_modules/expo-router/entry.js ▓▓▓▓▓▓▓▓▓▓▓▓▓░░░ 87.2% (2732/2926)
Web node_modules/expo-router/entry.js ▓▓▓▓▓▓▓▓▓▓▓▓▓░░░ 87.5% (2737/2926)
Web node_modules/expo-router/entry.js ▓▓▓▓▓▓▓▓▓▓▓▓▓▓░░ 87.9% (2744/2926)
Web node_modules/expo-router/entry.js ▓▓▓▓▓▓▓▓▓▓▓▓▓▓░░ 88.4% (2754/2957)
Web node_modules/expo-router/entry.js ▓▓▓▓▓▓▓▓▓▓▓▓▓▓░░ 88.4% (2807/3035)
Web node_modules/expo-router/entry.js ▓▓▓▓▓▓▓▓▓▓▓▓▓▓░░ 88.4% (2876/3108)
Web node_modules/expo-router/entry.js ▓▓▓▓▓▓▓▓▓▓▓▓▓▓░░ 88.4% (2912/3121)
Web node_modules/expo-router/entry.js ▓▓▓▓▓▓▓▓▓▓▓▓▓▓░░ 88.4% (2929/3129)
Web node_modules/expo-router/entry.js ▓▓▓▓▓▓▓▓▓▓▓▓▓▓░░ 88.4% (2947/3138)
Web node_modules/expo-router/entry.js ▓▓▓▓▓▓▓▓▓▓▓▓▓▓░░ 88.7% (2964/3148)
Web node_modules/expo-router/entry.js ▓▓▓▓▓▓▓▓▓▓▓▓▓▓░░ 90.4% (3007/3162)
Web node_modules/expo-router/entry.js ▓▓▓▓▓▓▓▓▓▓▓▓▓▓░░ 91.0% (3065/3213)
Web node_modules/expo-router/entry.js ▓▓▓▓▓▓▓▓▓▓▓▓▓▓░░ 92.1% (3118/3263)
Web node_modules/expo-router/entry.js ▓▓▓▓▓▓▓▓▓▓▓▓▓▓░░ 92.9% (3163/3282)
Web node_modules/expo-router/entry.js ▓▓▓▓▓▓▓▓▓▓▓▓▓▓▓░ 94.0% (3199/3299)
Web node_modules/expo-router/entry.js ▓▓▓▓▓▓▓▓▓▓▓▓▓▓▓░ 94.4% (3247/3347)
Web node_modules/expo-router/entry.js ▓▓▓▓▓▓▓▓▓▓▓▓▓▓▓░ 96.8% (3337/3391)
Web node_modules/expo-router/entry.js ▓▓▓▓▓▓▓▓▓▓▓▓▓▓▓░ 97.3% (3356/3403)
Web node_modules/expo-router/entry.js ▓▓▓▓▓▓▓▓▓▓▓▓▓▓▓░ 98.5% (3397/3424)
Web node_modules/expo-router/entry.js ▓▓▓▓▓▓▓▓▓▓▓▓▓▓▓░ 98.8% (3422/3450)
Web node_modules/expo-router/entry.js ▓▓▓▓▓▓▓▓▓▓▓▓▓▓▓░ 99.9% (3459/3459)
Web Bundled 205898ms node_modules/expo-router/entry.js (3459 modules)
Favicon source file in Expo config (web.favicon) does not exist: ./assets/images/favicon.png

› Assets (34):
assets/images/gauge-bg.3f971230be79cdc92559dfaae3673130.svg (1.6 kB)
assets/images/gauge-needle.8ee2831fa178c751a8d5f48a8d88f380.svg (277 B)
node_modules/@react-navigation/drawer/lib/module/views/assets/toggle-drawer-icon.ae74bb20586a731af545e6b00fe14a09.png (116 B)
node_modules/@react-navigation/elements/lib/module/assets/back-icon-mask.0a328cd9c1afd0afe8e3b1ec5165b1b4.png (653 B)
node_modules/@react-navigation/elements/lib/module/assets/back-icon.35ba0eaec5a4f5ed12ca16fabeae451d.png (207 B)
node_modules/@react-navigation/elements/lib/module/assets/clear-icon.c94f6478e7ae0cdd9f15de1fcb9e5e55.png (4 variations | 425 B)
node_modules/@react-navigation/elements/lib/module/assets/close-icon.808e1b1b9b53114ec2838071a7e6daa7.png (4 variations | 235 B)
node_modules/@react-navigation/elements/lib/module/assets/search-icon.286d67d3f74808a60a78d3ebf1a5fb57.png (928 B)
node_modules/expo-router/assets/arrow_down.017bc6ba3fc25503e5eb5e53826d48a8.png (9.46 kB)
node_modules/expo-router/assets/error.d1ea1496f9057eb392d5bbf3732a61b7.png (469 B)
node_modules/expo-router/assets/file.19eeb73b9593a38f8e9f418337fc7d10.png (138 B)
node_modules/expo-router/assets/forward.d8b800c443b8972542883e0b9de2bdc6.png (188 B)
node_modules/expo-router/assets/modal.module.cfdfb513379bb75921c4d3865c60f543.css (3.76 kB)
node_modules/expo-router/assets/pkg.ab19f4cbc543357183a20571f68380a3.png (364 B)
node_modules/expo-router/assets/sitemap.412dd9275b6b48ad28f5e3d81bb1f626.png (465 B)
node_modules/expo-router/assets/unmatched.20e71bdf79e3a97bf55fd9e164041578.png (4.75 kB)
node_modules/react-native-calendars/src/calendar/img/next.5cd69239c26b01e3a70a5b852b034f8e.png (180 B)
node_modules/react-native-calendars/src/calendar/img/previous.87e5b6811f7ec9c6b4991b334b565992.png (186 B)
node_modules/react-native-calendars/src/img/down.5d3a5c3005bed13682ef9f27207b2019.png (5 variations | 401 B)
node_modules/react-native-calendars/src/img/up.09f8dc4c9ffd6c59e9884027c5008080.png (5 variations | 409 B)

› web bundles (12):
_expo/static/js/web/__common-3e35365d7d0572f855ec49a9e6c6a9fa.js (23.5 kB)
_expo/static/js/web/__expo-metro-runtime-46ac14f77b8d07852b02d57eb3e5b645.js (3.8 kB)
_expo/static/js/web/BalanceBarChart-c3b283612df21acaed4a19436228dd66.js (2.41 kB)
_expo/static/js/web/BalancePieChart-d2f9fde8f09d7863a5b46899bbf0af12.js (3.05 kB)
_expo/static/js/web/BalanceWheelChart-69ffcdc8956e19e241b0586ea3b3fe25.js (2.52 kB)
_expo/static/js/web/CreateGoalModal-54e7902802a3e19f19f6dca3e4e564b4.js (10.6 kB)
_expo/static/js/web/EditGoalModal-cb2084bf1a8a5ac0dac5f64b389f5626.js (13.4 kB)
_expo/static/js/web/entry-bd012f639dd254d30c5a7331acd181a4.js (5.76 MB)
_expo/static/js/web/ManageCustomTimelinesModal-c87bbce1ec60d988c9313d97d4d86bd7.js (1.14 kB)
_expo/static/js/web/ManageGlobalTimelinesModal-8e7dc0a76fcf6ee3416d16fd6fba1f3d.js (26.3 kB)
_expo/static/js/web/ManageTimelinesView-f2218e9d5c078a08c4cd5e70598bb0e9.js (25.3 kB)
_expo/static/js/web/WithdrawalForm-8bd195766e6cfdbd9ccc8556e1303b80.js (11.3 kB)

› Files (2):
index.html (1.39 kB)
metadata.json (49 B)

Exported: build
_redirects file copied successfully
# Expo Router SPA fallback - serve index.html for all routes
# This ensures client-side routing works on page refresh

# Serve static assets directly
/_expo/*  /_expo/:splat  200

# Fallback to index.html for all other routes (SPA)
/*    /index.html   200
